[INFO] Scanning for projects...
[INFO] 
[INFO] -----------------< com.example.watchParty:watchParty >------------------
[INFO] Building  0.0.1-SNAPSHOT
[INFO]   from pom.xml
[INFO] --------------------------------[ jar ]---------------------------------
[INFO] 
[INFO] >>> spring-boot:4.1.0:run (default-cli) > test-compile @ watchParty >>>
[INFO] 
[INFO] --- resources:3.5.0:resources (default-resources) @ watchParty ---
[INFO] Copying 2 resources from src\main\resources to target\classes
[INFO] Copying 0 resource from src\main\resources to target\classes
[INFO] 
[INFO] --- compiler:3.15.0:compile (default-compile) @ watchParty ---
[INFO] Nothing to compile - all classes are up to date.
[INFO] 
[INFO] --- resources:3.5.0:testResources (default-testResources) @ watchParty ---
[INFO] skip non existing resourceDirectory E:\watchParty\src\test\resources
[INFO] 
[INFO] --- compiler:3.15.0:testCompile (default-testCompile) @ watchParty ---
[INFO] Nothing to compile - all classes are up to date.
[INFO] 
[INFO] <<< spring-boot:4.1.0:run (default-cli) < test-compile @ watchParty <<<
[INFO] 
[INFO] 
[INFO] --- spring-boot:4.1.0:run (default-cli) @ watchParty ---
[INFO] Attaching agents: []

  .   ____          _            __ _ _
 /\\ / ___'_ __ _ _(_)_ __  __ _ \ \ \ \
( ( )\___ | '_ | '_| | '_ \/ _` | \ \ \ \
 \\/  ___)| |_)| | | | | || (_| |  ) ) ) )
  '  |____| .__|_| |_|_| |_\__, | / / / /
 =========|_|==============|___/=/_/_/_/

 :: Spring Boot ::                (v4.1.0)

2026-09-20T01:56:43.366+05:30  INFO 12092 --- [watchParty] [           main] c.e.w.watchParty.WatchPartyApplication   : Starting WatchPartyApplication using Java 21.0.11 with PID 12092 (E:\watchParty\target\classes started by Shivang in E:\watchParty)
2026-09-20T01:56:43.371+05:30  INFO 12092 --- [watchParty] [           main] c.e.w.watchParty.WatchPartyApplication   : No active profile set, falling back to 1 default profile: "default"
2026-09-20T01:56:44.131+05:30  INFO 12092 --- [watchParty] [           main] .s.d.r.c.RepositoryConfigurationDelegate : Multiple Spring Data modules found, entering strict repository configuration mode
2026-09-20T01:56:44.133+05:30  INFO 12092 --- [watchParty] [           main] .s.d.r.c.RepositoryConfigurationDelegate : Bootstrapping Spring Data JPA repositories in DEFAULT mode.
2026-09-20T01:56:44.248+05:30  INFO 12092 --- [watchParty] [           main] .s.d.r.c.RepositoryConfigurationDelegate : Finished Spring Data repository scanning in 108 ms. Found 4 JPA repository interfaces.
2026-09-20T01:56:44.280+05:30  INFO 12092 --- [watchParty] [           main] .s.d.r.c.RepositoryConfigurationDelegate : Multiple Spring Data modules found, entering strict repository configuration mode
2026-09-20T01:56:44.282+05:30  INFO 12092 --- [watchParty] [           main] .s.d.r.c.RepositoryConfigurationDelegate : Bootstrapping Spring Data Redis repositories in DEFAULT mode.
2026-09-20T01:56:44.293+05:30  INFO 12092 --- [watchParty] [           main] .RepositoryConfigurationExtensionSupport : Spring Data Redis - Could not safely identify store assignment for repository candidate interface com.example.watchParty.watchParty.Repository.ChatMessageRepo; If you want this repository to be a Redis repository, consider annotating your entities with one of these annotations: org.springframework.data.redis.core.RedisHash (preferred), or consider extending one of the following types with your repository: org.springframework.data.keyvalue.repository.KeyValueRepository
2026-09-20T01:56:44.293+05:30  INFO 12092 --- [watchParty] [           main] .RepositoryConfigurationExtensionSupport : Spring Data Redis - Could not safely identify store assignment for repository candidate interface com.example.watchParty.watchParty.Repository.RoomMemberRepo; If you want this repository to be a Redis repository, consider annotating your entities with one of these annotations: org.springframework.data.redis.core.RedisHash (preferred), or consider extending one of the following types with your repository: org.springframework.data.keyvalue.repository.KeyValueRepository
2026-09-20T01:56:44.295+05:30  INFO 12092 --- [watchParty] [           main] .RepositoryConfigurationExtensionSupport : Spring Data Redis - Could not safely identify store assignment for repository candidate interface com.example.watchParty.watchParty.Repository.roomRepo; If you want this repository to be a Redis repository, consider annotating your entities with one of these annotations: org.springframework.data.redis.core.RedisHash (preferred), or consider extending one of the following types with your repository: org.springframework.data.keyvalue.repository.KeyValueRepository
2026-09-20T01:56:44.295+05:30  INFO 12092 --- [watchParty] [           main] .RepositoryConfigurationExtensionSupport : Spring Data Redis - Could not safely identify store assignment for repository candidate interface com.example.watchParty.watchParty.Repository.UserRepo; If you want this repository to be a Redis repository, consider annotating your entities with one of these annotations: org.springframework.data.redis.core.RedisHash (preferred), or consider extending one of the following types with your repository: org.springframework.data.keyvalue.repository.KeyValueRepository
2026-09-20T01:56:44.295+05:30  INFO 12092 --- [watchParty] [           main] .s.d.r.c.RepositoryConfigurationDelegate : Finished Spring Data repository scanning in 7 ms. Found 0 Redis repository interfaces.
2026-09-20T01:56:44.786+05:30  INFO 12092 --- [watchParty] [           main] o.s.boot.tomcat.TomcatWebServer          : Tomcat initialized with port 8080 (http)
2026-09-20T01:56:44.797+05:30  INFO 12092 --- [watchParty] [           main] o.apache.catalina.core.StandardService   : Starting service [Tomcat]
2026-09-20T01:56:44.797+05:30  INFO 12092 --- [watchParty] [           main] o.apache.catalina.core.StandardEngine    : Starting Servlet engine: [Apache Tomcat/11.0.22]
2026-09-20T01:56:44.850+05:30  INFO 12092 --- [watchParty] [           main] b.w.c.s.WebApplicationContextInitializer : Root WebApplicationContext: initialization completed in 1433 ms
2026-09-20T01:56:45.314+05:30  INFO 12092 --- [watchParty] [           main] org.hibernate.orm.jpa                    : HHH008540: Processing PersistenceUnitInfo [name: default]
2026-09-20T01:56:45.361+05:30  INFO 12092 --- [watchParty] [           main] org.hibernate.orm.core                   : HHH000001: Hibernate ORM core version 7.4.1.Final
2026-09-20T01:56:45.722+05:30  INFO 12092 --- [watchParty] [           main] o.s.o.j.p.SpringPersistenceUnitInfo      : No LoadTimeWeaver setup: ignoring JPA class transformer
2026-09-20T01:56:45.749+05:30  INFO 12092 --- [watchParty] [           main] com.zaxxer.hikari.HikariDataSource       : HikariPool-1 - Starting...
2026-09-20T01:56:45.877+05:30  INFO 12092 --- [watchParty] [           main] com.zaxxer.hikari.pool.HikariPool        : HikariPool-1 - Added connection org.postgresql.jdbc.PgConnection@519eab1e
2026-09-20T01:56:45.878+05:30  INFO 12092 --- [watchParty] [           main] com.zaxxer.hikari.HikariDataSource       : HikariPool-1 - Start completed.
2026-09-20T01:56:45.954+05:30  INFO 12092 --- [watchParty] [           main] org.hibernate.orm.connections.pooling    : HHH10001005: Database info:
	Database JDBC URL [jdbc:postgresql://localhost:5432/watchparty]
	Database driver: PostgreSQL JDBC Driver
	Database dialect: PostgreSQLDialect
	Database version: 16.14
	Default catalog/schema: watchparty/public
	Autocommit mode: undefined/unknown
	Isolation level: READ_COMMITTED [default READ_COMMITTED]
	JDBC fetch size: none
	Pool: DataSourceConnectionProvider
	Minimum pool size: undefined/unknown
	Maximum pool size: undefined/unknown
2026-09-20T01:56:46.867+05:30  INFO 12092 --- [watchParty] [           main] org.hibernate.orm.core                   : HHH000489: No JTA platform available (set 'hibernate.transaction.jta.platform' to enable JTA platform integration)
2026-09-20T01:56:46.959+05:30  INFO 12092 --- [watchParty] [           main] j.LocalContainerEntityManagerFactoryBean : Initialized JPA EntityManagerFactory for persistence unit 'default'
2026-09-20T01:56:47.013+05:30  INFO 12092 --- [watchParty] [           main] o.s.d.j.r.query.QueryEnhancerFactories   : Hibernate is in classpath; If applicable, HQL parser will be used.
2026-09-20T01:56:47.370+05:30  INFO 12092 --- [watchParty] [           main] r$InitializeUserDetailsManagerConfigurer : Global AuthenticationManager configured with UserDetailsService bean with name coustomUserDetailService
2026-09-20T01:56:47.591+05:30  WARN 12092 --- [watchParty] [           main] JpaBaseConfiguration$JpaWebConfiguration : spring.jpa.open-in-view is enabled by default. Therefore, database queries may be performed during view rendering. Explicitly configure spring.jpa.open-in-view to disable this warning
2026-09-20T01:56:48.311+05:30  INFO 12092 --- [watchParty] [           main] o.s.b.a.e.web.EndpointLinksResolver      : Exposing 1 endpoint beneath base path '/actuator'
2026-09-20T01:56:48.406+05:30  INFO 12092 --- [watchParty] [           main] o.s.m.s.b.SimpleBrokerMessageHandler     : Starting...
2026-09-20T01:56:48.407+05:30  INFO 12092 --- [watchParty] [           main] o.s.m.s.b.SimpleBrokerMessageHandler     : BrokerAvailabilityEvent[available=true, SimpleBrokerMessageHandler [org.springframework.messaging.simp.broker.DefaultSubscriptionRegistry@109a5573]]
2026-09-20T01:56:48.407+05:30  INFO 12092 --- [watchParty] [           main] o.s.m.s.b.SimpleBrokerMessageHandler     : Started.
2026-09-20T01:56:48.426+05:30  INFO 12092 --- [watchParty] [           main] o.s.boot.tomcat.TomcatWebServer          : Tomcat started on port 8080 (http) with context path '/'
2026-09-20T01:56:48.437+05:30  INFO 12092 --- [watchParty] [           main] c.e.w.watchParty.WatchPartyApplication   : Started WatchPartyApplication in 5.388 seconds (process running for 5.748)
Hibernate: 
    select
        r1_0.id,
        r1_0.active,
        r1_0.created_at,
        r1_0."current_time",
        r1_0.current_video_id,
        r1_0.host,
        r1_0.invite_token,
        r1_0.last_playback_update,
        r1_0.locked,
        r1_0.platform,
        r1_0.playback_speed,
        r1_0.playing,
        r1_0.room_code,
        r1_0.room_name,
        r1_0.sequence_number,
        r1_0.updated_at,
        r1_0.video_url 
    from
        room r1_0 
    where
        r1_0.active=true
Hibernate: 
    select
        rm1_0.id,
        rm1_0.joined_at,
        rm1_0.online,
        rm1_0.room_id,
        rm1_0.room_role,
        rm1_0.username 
    from
        room_member rm1_0 
    where
        rm1_0.room_id=? 
        and rm1_0.online=true
Hibernate: 
    select
        rm1_0.id,
        rm1_0.joined_at,
        rm1_0.online,
        rm1_0.room_id,
        rm1_0.room_role,
        rm1_0.username 
    from
        room_member rm1_0 
    where
        rm1_0.room_id=? 
        and rm1_0.online=true
2026-09-20T01:56:51.099+05:30  INFO 12092 --- [watchParty] [nio-8080-exec-1] o.a.c.c.C.[Tomcat].[localhost].[/]       : Initializing Spring DispatcherServlet 'dispatcherServlet'
2026-09-20T01:56:51.099+05:30  INFO 12092 --- [watchParty] [nio-8080-exec-1] o.s.web.servlet.DispatcherServlet        : Initializing Servlet 'dispatcherServlet'
2026-09-20T01:56:51.101+05:30  INFO 12092 --- [watchParty] [nio-8080-exec-1] o.s.web.servlet.DispatcherServlet        : Completed initialization in 2 ms
2026-09-20T01:56:51.692+05:30  INFO 12092 --- [watchParty] [nio-8080-exec-2] c.e.w.w.Config.WebSocketAuthInterceptor  : WebSocket authenticated: user=ultronthor037@gmail.com
2026-09-20T01:56:51.692+05:30  INFO 12092 --- [watchParty] [nio-8080-exec-1] c.e.w.w.Config.WebSocketAuthInterceptor  : WebSocket authenticated: user=Shivangv493@gmail.com
Hibernate: 
    select
        r1_0.id,
        r1_0.active,
        r1_0.created_at,
        r1_0."current_time",
        r1_0.current_video_id,
        r1_0.host,
        r1_0.invite_token,
        r1_0.last_playback_update,
        r1_0.locked,
        r1_0.platform,
        r1_0.playback_speed,
        r1_0.playing,
        r1_0.room_code,
        r1_0.room_name,
        r1_0.sequence_number,
        r1_0.updated_at,
        r1_0.video_url 
    from
        room r1_0 
    where
        r1_0.room_code=?
Hibernate: 
    select
        r1_0.id,
        r1_0.active,
        r1_0.created_at,
        r1_0."current_time",
        r1_0.current_video_id,
        r1_0.host,
        r1_0.invite_token,
        r1_0.last_playback_update,
        r1_0.locked,
        r1_0.platform,
        r1_0.playback_speed,
        r1_0.playing,
        r1_0.room_code,
        r1_0.room_name,
        r1_0.sequence_number,
        r1_0.updated_at,
        r1_0.video_url 
    from
        room r1_0 
    where
        r1_0.room_code=?
Hibernate: 
    select
        rm1_0.id,
        rm1_0.joined_at,
        rm1_0.online,
        rm1_0.room_id,
        rm1_0.room_role,
        rm1_0.username 
    from
        room_member rm1_0 
    where
        rm1_0.username=? 
        and rm1_0.room_id=?
Hibernate: 
    select
        rm1_0.id,
        rm1_0.joined_at,
        rm1_0.online,
        rm1_0.room_id,
        rm1_0.room_role,
        rm1_0.username 
    from
        room_member rm1_0 
    where
        rm1_0.username=? 
        and rm1_0.room_id=?
Hibernate: 
    select
        r1_0.id,
        r1_0.active,
        r1_0.created_at,
        r1_0."current_time",
        r1_0.current_video_id,
        r1_0.host,
        r1_0.invite_token,
        r1_0.last_playback_update,
        r1_0.locked,
        r1_0.platform,
        r1_0.playback_speed,
        r1_0.playing,
        r1_0.room_code,
        r1_0.room_name,
        r1_0.sequence_number,
        r1_0.updated_at,
        r1_0.video_url 
    from
        room r1_0 
    where
        r1_0.id=?
Hibernate: 
    select
        r1_0.id,
        r1_0.active,
        r1_0.created_at,
        r1_0."current_time",
        r1_0.current_video_id,
        r1_0.host,
        r1_0.invite_token,
        r1_0.last_playback_update,
        r1_0.locked,
        r1_0.platform,
        r1_0.playback_speed,
        r1_0.playing,
        r1_0.room_code,
        r1_0.room_name,
        r1_0.sequence_number,
        r1_0.updated_at,
        r1_0.video_url 
    from
        room r1_0 
    where
        r1_0.id=?
Hibernate: 
    select
        rm1_0.id,
        rm1_0.joined_at,
        rm1_0.online,
        r1_0.id,
        r1_0.active,
        r1_0.created_at,
        r1_0."current_time",
        r1_0.current_video_id,
        r1_0.host,
        r1_0.invite_token,
        r1_0.last_playback_update,
        r1_0.locked,
        r1_0.platform,
        r1_0.playback_speed,
        r1_0.playing,
        r1_0.room_code,
        r1_0.room_name,
        r1_0.sequence_number,
        r1_0.updated_at,
        r1_0.video_url,
        rm1_0.room_role,
        rm1_0.username 
    from
        room_member rm1_0 
    left join
        room r1_0 
            on r1_0.id=rm1_0.room_id 
    where
        rm1_0.id=?
Hibernate: 
    select
        rm1_0.id,
        rm1_0.joined_at,
        rm1_0.online,
        r1_0.id,
        r1_0.active,
        r1_0.created_at,
        r1_0."current_time",
        r1_0.current_video_id,
        r1_0.host,
        r1_0.invite_token,
        r1_0.last_playback_update,
        r1_0.locked,
        r1_0.platform,
        r1_0.playback_speed,
        r1_0.playing,
        r1_0.room_code,
        r1_0.room_name,
        r1_0.sequence_number,
        r1_0.updated_at,
        r1_0.video_url,
        rm1_0.room_role,
        rm1_0.username 
    from
        room_member rm1_0 
    left join
        room r1_0 
            on r1_0.id=rm1_0.room_id 
    where
        rm1_0.id=?
Hibernate: 
    update
        room_member 
    set
        joined_at=?,
        online=?,
        room_id=?,
        room_role=?,
        username=? 
    where
        id=?
Hibernate: 
    update
        room_member 
    set
        joined_at=?,
        online=?,
        room_id=?,
        room_role=?,
        username=? 
    where
        id=?
2026-09-20T01:56:51.811+05:30  INFO 12092 --- [watchParty] [nio-8080-exec-2] c.e.w.w.Service.PresenceService          : User ultronthor037@gmail.com connected to room SFU7ES
2026-09-20T01:56:51.811+05:30  INFO 12092 --- [watchParty] [nio-8080-exec-1] c.e.w.w.Service.PresenceService          : User Shivangv493@gmail.com connected to room SFU7ES
2026-09-20T01:56:51.811+05:30  INFO 12092 --- [watchParty] [nio-8080-exec-2] c.e.w.w.Config.WebSocketEventListener    : WebSocket connected: user=ultronthor037@gmail.com, room=SFU7ES, session=2c292f92-9e05-4944-b88a-7308ea7af19f
2026-09-20T01:56:51.811+05:30  INFO 12092 --- [watchParty] [nio-8080-exec-1] c.e.w.w.Config.WebSocketEventListener    : WebSocket connected: user=Shivangv493@gmail.com, room=SFU7ES, session=9401b0d5-fc4d-48c4-9dc8-44a98f66f1fb
2026-09-20T01:56:52.010+05:30  INFO 12092 --- [watchParty] [nio-8080-exec-4] c.e.w.w.Config.WebSocketAuthInterceptor  : WebSocket authenticated: user=ultronthor037@gmail.com
Hibernate: 
    select
        r1_0.id,
        r1_0.active,
        r1_0.created_at,
        r1_0."current_time",
        r1_0.current_video_id,
        r1_0.host,
        r1_0.invite_token,
        r1_0.last_playback_update,
        r1_0.locked,
        r1_0.platform,
        r1_0.playback_speed,
        r1_0.playing,
        r1_0.room_code,
        r1_0.room_name,
        r1_0.sequence_number,
        r1_0.updated_at,
        r1_0.video_url 
    from
        room r1_0 
    where
        r1_0.room_code=?
Hibernate: 
    select
        rm1_0.id,
        rm1_0.joined_at,
        rm1_0.online,
        rm1_0.room_id,
        rm1_0.room_role,
        rm1_0.username 
    from
        room_member rm1_0 
    where
        rm1_0.username=? 
        and rm1_0.room_id=?
Hibernate: 
    select
        r1_0.id,
        r1_0.active,
        r1_0.created_at,
        r1_0."current_time",
        r1_0.current_video_id,
        r1_0.host,
        r1_0.invite_token,
        r1_0.last_playback_update,
        r1_0.locked,
        r1_0.platform,
        r1_0.playback_speed,
        r1_0.playing,
        r1_0.room_code,
        r1_0.room_name,
        r1_0.sequence_number,
        r1_0.updated_at,
        r1_0.video_url 
    from
        room r1_0 
    where
        r1_0.id=?
Hibernate: 
    select
        rm1_0.id,
        rm1_0.joined_at,
        rm1_0.online,
        r1_0.id,
        r1_0.active,
        r1_0.created_at,
        r1_0."current_time",
        r1_0.current_video_id,
        r1_0.host,
        r1_0.invite_token,
        r1_0.last_playback_update,
        r1_0.locked,
        r1_0.platform,
        r1_0.playback_speed,
        r1_0.playing,
        r1_0.room_code,
        r1_0.room_name,
        r1_0.sequence_number,
        r1_0.updated_at,
        r1_0.video_url,
        rm1_0.room_role,
        rm1_0.username 
    from
        room_member rm1_0 
    left join
        room r1_0 
            on r1_0.id=rm1_0.room_id 
    where
        rm1_0.id=?
2026-09-20T01:56:52.025+05:30  INFO 12092 --- [watchParty] [nio-8080-exec-4] c.e.w.w.Service.PresenceService          : User ultronthor037@gmail.com connected to room SFU7ES
2026-09-20T01:56:52.025+05:30  INFO 12092 --- [watchParty] [nio-8080-exec-4] c.e.w.w.Config.WebSocketEventListener    : WebSocket connected: user=ultronthor037@gmail.com, room=SFU7ES, session=5f3cd125-1af7-4c47-944f-c91e732aa128
Hibernate: 
    select
        r1_0.id,
        r1_0.active,
        r1_0.created_at,
        r1_0."current_time",
        r1_0.current_video_id,
        r1_0.host,
        r1_0.invite_token,
        r1_0.last_playback_update,
        r1_0.locked,
        r1_0.platform,
        r1_0.playback_speed,
        r1_0.playing,
        r1_0.room_code,
        r1_0.room_name,
        r1_0.sequence_number,
        r1_0.updated_at,
        r1_0.video_url 
    from
        room r1_0 
    where
        r1_0.room_code=?
Hibernate: 
    select
        u1_0.id 
    from
        users u1_0 
    where
        u1_0.email=? 
    fetch
        first ? rows only
Hibernate: 
    select
        u1_0.id 
    from
        users u1_0 
    where
        u1_0.username=? 
    fetch
        first ? rows only
Hibernate: 
    insert 
    into
        users
        (auth_provider, created_at, email, google_id, password, role, updated_at, username) 
    values
        (?, ?, ?, ?, ?, ?, ?, ?)
Hibernate: 
    select
        u1_0.id 
    from
        users u1_0 
    where
        u1_0.email=? 
    fetch
        first ? rows only
Hibernate: 
    select
        u1_0.id 
    from
        users u1_0 
    where
        u1_0.username=? 
    fetch
        first ? rows only
Hibernate: 
    insert 
    into
        users
        (auth_provider, created_at, email, google_id, password, role, updated_at, username) 
    values
        (?, ?, ?, ?, ?, ?, ?, ?)
Hibernate: 
    select
        u1_0.id,
        u1_0.auth_provider,
        u1_0.created_at,
        u1_0.email,
        u1_0.google_id,
        u1_0.password,
        u1_0.role,
        u1_0.updated_at,
        u1_0.username 
    from
        users u1_0 
    where
        u1_0.email=?
Hibernate: 
    select
        r1_0.id 
    from
        room r1_0 
    where
        r1_0.room_code=? 
    fetch
        first ? rows only
Hibernate: 
    insert 
    into
        room
        (active, created_at, "current_time", current_video_id, host, invite_token, last_playback_update, locked, platform, playback_speed, playing, room_code, room_name, sequence_number, updated_at, video_url) 
    values
        (?, ?, ?, ?, ?, ?, ?, ?, ?, ?, ?, ?, ?, ?, ?, ?)
Hibernate: 
    insert 
    into
        room_member
        (joined_at, online, room_id, room_role, username) 
    values
        (?, ?, ?, ?, ?)
Hibernate: 
    select
        u1_0.id,
        u1_0.auth_provider,
        u1_0.created_at,
        u1_0.email,
        u1_0.google_id,
        u1_0.password,
        u1_0.role,
        u1_0.updated_at,
        u1_0.username 
    from
        users u1_0 
    where
        u1_0.email=?
Hibernate: 
    select
        r1_0.id,
        r1_0.active,
        r1_0.created_at,
        r1_0."current_time",
        r1_0.current_video_id,
        r1_0.host,
        r1_0.invite_token,
        r1_0.last_playback_update,
        r1_0.locked,
        r1_0.platform,
        r1_0.playback_speed,
        r1_0.playing,
        r1_0.room_code,
        r1_0.room_name,
        r1_0.sequence_number,
        r1_0.updated_at,
        r1_0.video_url 
    from
        room r1_0 
    where
        r1_0.room_code=?
Hibernate: 
    select
        rm1_0.id 
    from
        room_member rm1_0 
    where
        rm1_0.username=? 
        and rm1_0.room_id=? 
    fetch
        first ? rows only
Hibernate: 
    insert 
    into
        room_member
        (joined_at, online, room_id, room_role, username) 
    values
        (?, ?, ?, ?, ?)
Hibernate: 
    select
        r1_0.id,
        r1_0.active,
        r1_0.created_at,
        r1_0."current_time",
        r1_0.current_video_id,
        r1_0.host,
        r1_0.invite_token,
        r1_0.last_playback_update,
        r1_0.locked,
        r1_0.platform,
        r1_0.playback_speed,
        r1_0.playing,
        r1_0.room_code,
        r1_0.room_name,
        r1_0.sequence_number,
        r1_0.updated_at,
        r1_0.video_url 
    from
        room r1_0 
    where
        r1_0.room_code=?
2026-09-20T01:56:54.480+05:30  INFO 12092 --- [watchParty] [nio-8080-exec-2] c.e.w.w.Config.WebSocketAuthInterceptor  : WebSocket authenticated: user=hmu8u8wx5@test.local
Hibernate: 
    select
        r1_0.id,
        r1_0.active,
        r1_0.created_at,
        r1_0."current_time",
        r1_0.current_video_id,
        r1_0.host,
        r1_0.invite_token,
        r1_0.last_playback_update,
        r1_0.locked,
        r1_0.platform,
        r1_0.playback_speed,
        r1_0.playing,
        r1_0.room_code,
        r1_0.room_name,
        r1_0.sequence_number,
        r1_0.updated_at,
        r1_0.video_url 
    from
        room r1_0 
    where
        r1_0.room_code=?
Hibernate: 
    select
        rm1_0.id,
        rm1_0.joined_at,
        rm1_0.online,
        rm1_0.room_id,
        rm1_0.room_role,
        rm1_0.username 
    from
        room_member rm1_0 
    where
        rm1_0.username=? 
        and rm1_0.room_id=?
Hibernate: 
    select
        r1_0.id,
        r1_0.active,
        r1_0.created_at,
        r1_0."current_time",
        r1_0.current_video_id,
        r1_0.host,
        r1_0.invite_token,
        r1_0.last_playback_update,
        r1_0.locked,
        r1_0.platform,
        r1_0.playback_speed,
        r1_0.playing,
        r1_0.room_code,
        r1_0.room_name,
        r1_0.sequence_number,
        r1_0.updated_at,
        r1_0.video_url 
    from
        room r1_0 
    where
        r1_0.id=?
Hibernate: 
    select
        rm1_0.id,
        rm1_0.joined_at,
        rm1_0.online,
        r1_0.id,
        r1_0.active,
        r1_0.created_at,
        r1_0."current_time",
        r1_0.current_video_id,
        r1_0.host,
        r1_0.invite_token,
        r1_0.last_playback_update,
        r1_0.locked,
        r1_0.platform,
        r1_0.playback_speed,
        r1_0.playing,
        r1_0.room_code,
        r1_0.room_name,
        r1_0.sequence_number,
        r1_0.updated_at,
        r1_0.video_url,
        rm1_0.room_role,
        rm1_0.username 
    from
        room_member rm1_0 
    left join
        room r1_0 
            on r1_0.id=rm1_0.room_id 
    where
        rm1_0.id=?
2026-09-20T01:56:54.491+05:30  INFO 12092 --- [watchParty] [nio-8080-exec-2] c.e.w.w.Service.PresenceService          : User hmu8u8wx5@test.local connected to room F4BSNB
2026-09-20T01:56:54.491+05:30  INFO 12092 --- [watchParty] [nio-8080-exec-2] c.e.w.w.Config.WebSocketEventListener    : WebSocket connected: user=hmu8u8wx5@test.local, room=F4BSNB, session=cda0e750-9728-483b-8563-09b38cbe37f9
Hibernate: 
    select
        r1_0.id,
        r1_0.active,
        r1_0.created_at,
        r1_0."current_time",
        r1_0.current_video_id,
        r1_0.host,
        r1_0.invite_token,
        r1_0.last_playback_update,
        r1_0.locked,
        r1_0.platform,
        r1_0.playback_speed,
        r1_0.playing,
        r1_0.room_code,
        r1_0.room_name,
        r1_0.sequence_number,
        r1_0.updated_at,
        r1_0.video_url 
    from
        room r1_0 
    where
        r1_0.room_code=?
Hibernate: 
    select
        r1_0.id,
        r1_0.active,
        r1_0.created_at,
        r1_0."current_time",
        r1_0.current_video_id,
        r1_0.host,
        r1_0.invite_token,
        r1_0.last_playback_update,
        r1_0.locked,
        r1_0.platform,
        r1_0.playback_speed,
        r1_0.playing,
        r1_0.room_code,
        r1_0.room_name,
        r1_0.sequence_number,
        r1_0.updated_at,
        r1_0.video_url 
    from
        room r1_0 
    where
        r1_0.id=?
Hibernate: 
    update
        room 
    set
        active=?,
        created_at=?,
        "current_time"=?,
        current_video_id=?,
        host=?,
        invite_token=?,
        last_playback_update=?,
        locked=?,
        platform=?,
        playback_speed=?,
        playing=?,
        room_code=?,
        room_name=?,
        sequence_number=?,
        updated_at=?,
        video_url=? 
    where
        id=?
Hibernate: 
    select
        r1_0.id,
        r1_0.active,
        r1_0.created_at,
        r1_0."current_time",
        r1_0.current_video_id,
        r1_0.host,
        r1_0.invite_token,
        r1_0.last_playback_update,
        r1_0.locked,
        r1_0.platform,
        r1_0.playback_speed,
        r1_0.playing,
        r1_0.room_code,
        r1_0.room_name,
        r1_0.sequence_number,
        r1_0.updated_at,
        r1_0.video_url 
    from
        room r1_0 
    where
        r1_0.room_code=?
Hibernate: 
    select
        r1_0.id,
        r1_0.active,
        r1_0.created_at,
        r1_0."current_time",
        r1_0.current_video_id,
        r1_0.host,
        r1_0.invite_token,
        r1_0.last_playback_update,
        r1_0.locked,
        r1_0.platform,
        r1_0.playback_speed,
        r1_0.playing,
        r1_0.room_code,
        r1_0.room_name,
        r1_0.sequence_number,
        r1_0.updated_at,
        r1_0.video_url 
    from
        room r1_0 
    where
        r1_0.room_code=?
Hibernate: 
    select
        rm1_0.id,
        rm1_0.joined_at,
        rm1_0.online,
        rm1_0.room_id,
        rm1_0.room_role,
        rm1_0.username 
    from
        room_member rm1_0 
    where
        rm1_0.username=? 
        and rm1_0.room_id=?
Hibernate: 
    select
        r1_0.id,
        r1_0.active,
        r1_0.created_at,
        r1_0."current_time",
        r1_0.current_video_id,
        r1_0.host,
        r1_0.invite_token,
        r1_0.last_playback_update,
        r1_0.locked,
        r1_0.platform,
        r1_0.playback_speed,
        r1_0.playing,
        r1_0.room_code,
        r1_0.room_name,
        r1_0.sequence_number,
        r1_0.updated_at,
        r1_0.video_url 
    from
        room r1_0 
    where
        r1_0.id=?
Hibernate: 
    select
        rm1_0.id,
        rm1_0.joined_at,
        rm1_0.online,
        r1_0.id,
        r1_0.active,
        r1_0.created_at,
        r1_0."current_time",
        r1_0.current_video_id,
        r1_0.host,
        r1_0.invite_token,
        r1_0.last_playback_update,
        r1_0.locked,
        r1_0.platform,
        r1_0.playback_speed,
        r1_0.playing,
        r1_0.room_code,
        r1_0.room_name,
        r1_0.sequence_number,
        r1_0.updated_at,
        r1_0.video_url,
        rm1_0.room_role,
        rm1_0.username 
    from
        room_member rm1_0 
    left join
        room r1_0 
            on r1_0.id=rm1_0.room_id 
    where
        rm1_0.id=?
Hibernate: 
    update
        room_member 
    set
        joined_at=?,
        online=?,
        room_id=?,
        room_role=?,
        username=? 
    where
        id=?
2026-09-20T01:56:55.353+05:30  INFO 12092 --- [watchParty] [nio-8080-exec-3] c.e.w.w.Service.PresenceService          : User hmu8u8wx5@test.local disconnected from room F4BSNB
2026-09-20T01:56:55.353+05:30  INFO 12092 --- [watchParty] [nio-8080-exec-3] c.e.w.w.Config.WebSocketEventListener    : WebSocket disconnected: user=hmu8u8wx5@test.local, room=F4BSNB
Hibernate: 
    select
        u1_0.id 
    from
        users u1_0 
    where
        u1_0.email=? 
    fetch
        first ? rows only
Hibernate: 
    select
        u1_0.id 
    from
        users u1_0 
    where
        u1_0.username=? 
    fetch
        first ? rows only
Hibernate: 
    insert 
    into
        users
        (auth_provider, created_at, email, google_id, password, role, updated_at, username) 
    values
        (?, ?, ?, ?, ?, ?, ?, ?)
Hibernate: 
    select
        u1_0.id 
    from
        users u1_0 
    where
        u1_0.email=? 
    fetch
        first ? rows only
Hibernate: 
    select
        u1_0.id 
    from
        users u1_0 
    where
        u1_0.username=? 
    fetch
        first ? rows only
Hibernate: 
    insert 
    into
        users
        (auth_provider, created_at, email, google_id, password, role, updated_at, username) 
    values
        (?, ?, ?, ?, ?, ?, ?, ?)
Hibernate: 
    select
        u1_0.id,
        u1_0.auth_provider,
        u1_0.created_at,
        u1_0.email,
        u1_0.google_id,
        u1_0.password,
        u1_0.role,
        u1_0.updated_at,
        u1_0.username 
    from
        users u1_0 
    where
        u1_0.email=?
Hibernate: 
    select
        r1_0.id 
    from
        room r1_0 
    where
        r1_0.room_code=? 
    fetch
        first ? rows only
Hibernate: 
    insert 
    into
        room
        (active, created_at, "current_time", current_video_id, host, invite_token, last_playback_update, locked, platform, playback_speed, playing, room_code, room_name, sequence_number, updated_at, video_url) 
    values
        (?, ?, ?, ?, ?, ?, ?, ?, ?, ?, ?, ?, ?, ?, ?, ?)
Hibernate: 
    insert 
    into
        room_member
        (joined_at, online, room_id, room_role, username) 
    values
        (?, ?, ?, ?, ?)
Hibernate: 
    select
        u1_0.id,
        u1_0.auth_provider,
        u1_0.created_at,
        u1_0.email,
        u1_0.google_id,
        u1_0.password,
        u1_0.role,
        u1_0.updated_at,
        u1_0.username 
    from
        users u1_0 
    where
        u1_0.email=?
Hibernate: 
    select
        r1_0.id,
        r1_0.active,
        r1_0.created_at,
        r1_0."current_time",
        r1_0.current_video_id,
        r1_0.host,
        r1_0.invite_token,
        r1_0.last_playback_update,
        r1_0.locked,
        r1_0.platform,
        r1_0.playback_speed,
        r1_0.playing,
        r1_0.room_code,
        r1_0.room_name,
        r1_0.sequence_number,
        r1_0.updated_at,
        r1_0.video_url 
    from
        room r1_0 
    where
        r1_0.room_code=?
Hibernate: 
    select
        rm1_0.id 
    from
        room_member rm1_0 
    where
        rm1_0.username=? 
        and rm1_0.room_id=? 
    fetch
        first ? rows only
Hibernate: 
    insert 
    into
        room_member
        (joined_at, online, room_id, room_role, username) 
    values
        (?, ?, ?, ?, ?)
2026-09-20T01:56:55.675+05:30  INFO 12092 --- [watchParty] [io-8080-exec-10] c.e.w.w.Config.WebSocketAuthInterceptor  : WebSocket authenticated: user=host_mu8u8xzqzgfm@test.local
Hibernate: 
    select
        r1_0.id,
        r1_0.active,
        r1_0.created_at,
        r1_0."current_time",
        r1_0.current_video_id,
        r1_0.host,
        r1_0.invite_token,
        r1_0.last_playback_update,
        r1_0.locked,
        r1_0.platform,
        r1_0.playback_speed,
        r1_0.playing,
        r1_0.room_code,
        r1_0.room_name,
        r1_0.sequence_number,
        r1_0.updated_at,
        r1_0.video_url 
    from
        room r1_0 
    where
        r1_0.room_code=?
Hibernate: 
    select
        rm1_0.id,
        rm1_0.joined_at,
        rm1_0.online,
        rm1_0.room_id,
        rm1_0.room_role,
        rm1_0.username 
    from
        room_member rm1_0 
    where
        rm1_0.username=? 
        and rm1_0.room_id=?
Hibernate: 
    select
        r1_0.id,
        r1_0.active,
        r1_0.created_at,
        r1_0."current_time",
        r1_0.current_video_id,
        r1_0.host,
        r1_0.invite_token,
        r1_0.last_playback_update,
        r1_0.locked,
        r1_0.platform,
        r1_0.playback_speed,
        r1_0.playing,
        r1_0.room_code,
        r1_0.room_name,
        r1_0.sequence_number,
        r1_0.updated_at,
        r1_0.video_url 
    from
        room r1_0 
    where
        r1_0.id=?
Hibernate: 
    select
        rm1_0.id,
        rm1_0.joined_at,
        rm1_0.online,
        r1_0.id,
        r1_0.active,
        r1_0.created_at,
        r1_0."current_time",
        r1_0.current_video_id,
        r1_0.host,
        r1_0.invite_token,
        r1_0.last_playback_update,
        r1_0.locked,
        r1_0.platform,
        r1_0.playback_speed,
        r1_0.playing,
        r1_0.room_code,
        r1_0.room_name,
        r1_0.sequence_number,
        r1_0.updated_at,
        r1_0.video_url,
        rm1_0.room_role,
        rm1_0.username 
    from
        room_member rm1_0 
    left join
        room r1_0 
            on r1_0.id=rm1_0.room_id 
    where
        rm1_0.id=?
2026-09-20T01:56:55.685+05:30  INFO 12092 --- [watchParty] [io-8080-exec-10] c.e.w.w.Service.PresenceService          : User host_mu8u8xzqzgfm@test.local connected to room V2Y8M3
2026-09-20T01:56:55.685+05:30  INFO 12092 --- [watchParty] [io-8080-exec-10] c.e.w.w.Config.WebSocketEventListener    : WebSocket connected: user=host_mu8u8xzqzgfm@test.local, room=V2Y8M3, session=d8700a55-d734-4c6c-bbd4-4dfc3314184d
2026-09-20T01:56:56.003+05:30  INFO 12092 --- [watchParty] [nio-8080-exec-1] c.e.w.w.Config.WebSocketAuthInterceptor  : WebSocket authenticated: user=viewer_mu8u8y3k00q1@test.local
Hibernate: 
    select
        r1_0.id,
        r1_0.active,
        r1_0.created_at,
        r1_0."current_time",
        r1_0.current_video_id,
        r1_0.host,
        r1_0.invite_token,
        r1_0.last_playback_update,
        r1_0.locked,
        r1_0.platform,
        r1_0.playback_speed,
        r1_0.playing,
        r1_0.room_code,
        r1_0.room_name,
        r1_0.sequence_number,
        r1_0.updated_at,
        r1_0.video_url 
    from
        room r1_0 
    where
        r1_0.room_code=?
Hibernate: 
    select
        rm1_0.id,
        rm1_0.joined_at,
        rm1_0.online,
        rm1_0.room_id,
        rm1_0.room_role,
        rm1_0.username 
    from
        room_member rm1_0 
    where
        rm1_0.username=? 
        and rm1_0.room_id=?
Hibernate: 
    select
        r1_0.id,
        r1_0.active,
        r1_0.created_at,
        r1_0."current_time",
        r1_0.current_video_id,
        r1_0.host,
        r1_0.invite_token,
        r1_0.last_playback_update,
        r1_0.locked,
        r1_0.platform,
        r1_0.playback_speed,
        r1_0.playing,
        r1_0.room_code,
        r1_0.room_name,
        r1_0.sequence_number,
        r1_0.updated_at,
        r1_0.video_url 
    from
        room r1_0 
    where
        r1_0.id=?
Hibernate: 
    select
        rm1_0.id,
        rm1_0.joined_at,
        rm1_0.online,
        r1_0.id,
        r1_0.active,
        r1_0.created_at,
        r1_0."current_time",
        r1_0.current_video_id,
        r1_0.host,
        r1_0.invite_token,
        r1_0.last_playback_update,
        r1_0.locked,
        r1_0.platform,
        r1_0.playback_speed,
        r1_0.playing,
        r1_0.room_code,
        r1_0.room_name,
        r1_0.sequence_number,
        r1_0.updated_at,
        r1_0.video_url,
        rm1_0.room_role,
        rm1_0.username 
    from
        room_member rm1_0 
    left join
        room r1_0 
            on r1_0.id=rm1_0.room_id 
    where
        rm1_0.id=?
2026-09-20T01:56:56.014+05:30  INFO 12092 --- [watchParty] [nio-8080-exec-1] c.e.w.w.Service.PresenceService          : User viewer_mu8u8y3k00q1@test.local connected to room V2Y8M3
2026-09-20T01:56:56.014+05:30  INFO 12092 --- [watchParty] [nio-8080-exec-1] c.e.w.w.Config.WebSocketEventListener    : WebSocket connected: user=viewer_mu8u8y3k00q1@test.local, room=V2Y8M3, session=0608d2df-d39f-467c-b5af-0c42f9083e3c
Hibernate: 
    select
        r1_0.id,
        r1_0.active,
        r1_0.created_at,
        r1_0."current_time",
        r1_0.current_video_id,
        r1_0.host,
        r1_0.invite_token,
        r1_0.last_playback_update,
        r1_0.locked,
        r1_0.platform,
        r1_0.playback_speed,
        r1_0.playing,
        r1_0.room_code,
        r1_0.room_name,
        r1_0.sequence_number,
        r1_0.updated_at,
        r1_0.video_url 
    from
        room r1_0 
    where
        r1_0.room_code=?
Hibernate: 
    select
        r1_0.id,
        r1_0.active,
        r1_0.created_at,
        r1_0."current_time",
        r1_0.current_video_id,
        r1_0.host,
        r1_0.invite_token,
        r1_0.last_playback_update,
        r1_0.locked,
        r1_0.platform,
        r1_0.playback_speed,
        r1_0.playing,
        r1_0.room_code,
        r1_0.room_name,
        r1_0.sequence_number,
        r1_0.updated_at,
        r1_0.video_url 
    from
        room r1_0 
    where
        r1_0.id=?
Hibernate: 
    update
        room 
    set
        active=?,
        created_at=?,
        "current_time"=?,
        current_video_id=?,
        host=?,
        invite_token=?,
        last_playback_update=?,
        locked=?,
        platform=?,
        playback_speed=?,
        playing=?,
        room_code=?,
        room_name=?,
        sequence_number=?,
        updated_at=?,
        video_url=? 
    where
        id=?
Hibernate: 
    select
        r1_0.id,
        r1_0.active,
        r1_0.created_at,
        r1_0."current_time",
        r1_0.current_video_id,
        r1_0.host,
        r1_0.invite_token,
        r1_0.last_playback_update,
        r1_0.locked,
        r1_0.platform,
        r1_0.playback_speed,
        r1_0.playing,
        r1_0.room_code,
        r1_0.room_name,
        r1_0.sequence_number,
        r1_0.updated_at,
        r1_0.video_url 
    from
        room r1_0 
    where
        r1_0.room_code=?
Hibernate: 
    select
        r1_0.id,
        r1_0.active,
        r1_0.created_at,
        r1_0."current_time",
        r1_0.current_video_id,
        r1_0.host,
        r1_0.invite_token,
        r1_0.last_playback_update,
        r1_0.locked,
        r1_0.platform,
        r1_0.playback_speed,
        r1_0.playing,
        r1_0.room_code,
        r1_0.room_name,
        r1_0.sequence_number,
        r1_0.updated_at,
        r1_0.video_url 
    from
        room r1_0 
    where
        r1_0.room_code=?
2026-09-20T01:56:58.845+05:30 ERROR 12092 --- [watchParty] [boundChannel-14] .WebSocketAnnotationMethodMessageHandler : Unhandled exception from message handler method

java.lang.RuntimeException: Only Host can control Playback
	at com.example.watchParty.watchParty.Service.PlaybackService.broadcastPlaybackEvent(PlaybackService.java:62) ~[classes/:na]
	at java.base/jdk.internal.reflect.DirectMethodHandleAccessor.invoke(DirectMethodHandleAccessor.java:103) ~[na:na]
	at java.base/java.lang.reflect.Method.invoke(Method.java:580) ~[na:na]
	at org.springframework.aop.support.AopUtils.invokeJoinpointUsingReflection(AopUtils.java:359) ~[spring-aop-7.0.8.jar:7.0.8]
	at org.springframework.aop.framework.CglibAopProxy$DynamicAdvisedInterceptor.intercept(CglibAopProxy.java:715) ~[spring-aop-7.0.8.jar:7.0.8]
	at com.example.watchParty.watchParty.Service.PlaybackService$$SpringCGLIB$$1.broadcastPlaybackEvent(<generated>) ~[classes/:na]
	at com.example.watchParty.watchParty.Controller.PlaybackController.handleEvent(PlaybackController.java:22) ~[classes/:na]
	at java.base/jdk.internal.reflect.DirectMethodHandleAccessor.invoke(DirectMethodHandleAccessor.java:103) ~[na:na]
	at java.base/java.lang.reflect.Method.invoke(Method.java:580) ~[na:na]
	at org.springframework.messaging.handler.invocation.InvocableHandlerMethod.doInvoke(InvocableHandlerMethod.java:168) ~[spring-messaging-7.0.8.jar:7.0.8]
	at org.springframework.messaging.handler.invocation.InvocableHandlerMethod.invoke(InvocableHandlerMethod.java:119) ~[spring-messaging-7.0.8.jar:7.0.8]
	at org.springframework.messaging.handler.invocation.AbstractMethodMessageHandler.handleMatch(AbstractMethodMessageHandler.java:560) ~[spring-messaging-7.0.8.jar:7.0.8]
	at org.springframework.messaging.simp.annotation.support.SimpAnnotationMethodMessageHandler.handleMatch(SimpAnnotationMethodMessageHandler.java:546) ~[spring-messaging-7.0.8.jar:7.0.8]
	at org.springframework.messaging.simp.annotation.support.SimpAnnotationMethodMessageHandler.handleMatch(SimpAnnotationMethodMessageHandler.java:95) ~[spring-messaging-7.0.8.jar:7.0.8]
	at org.springframework.messaging.handler.invocation.AbstractMethodMessageHandler.handleMessageInternal(AbstractMethodMessageHandler.java:514) ~[spring-messaging-7.0.8.jar:7.0.8]
	at org.springframework.messaging.handler.invocation.AbstractMethodMessageHandler.handleMessage(AbstractMethodMessageHandler.java:451) ~[spring-messaging-7.0.8.jar:7.0.8]
	at org.springframework.messaging.support.ExecutorSubscribableChannel$SendTask.run(ExecutorSubscribableChannel.java:151) ~[spring-messaging-7.0.8.jar:7.0.8]
	at java.base/java.util.concurrent.ThreadPoolExecutor.runWorker(ThreadPoolExecutor.java:1144) ~[na:na]
	at java.base/java.util.concurrent.ThreadPoolExecutor$Worker.run(ThreadPoolExecutor.java:642) ~[na:na]
	at java.base/java.lang.Thread.run(Thread.java:1583) ~[na:na]

Hibernate: 
    select
        r1_0.id,
        r1_0.active,
        r1_0.created_at,
        r1_0."current_time",
        r1_0.current_video_id,
        r1_0.host,
        r1_0.invite_token,
        r1_0.last_playback_update,
        r1_0.locked,
        r1_0.platform,
        r1_0.playback_speed,
        r1_0.playing,
        r1_0.room_code,
        r1_0.room_name,
        r1_0.sequence_number,
        r1_0.updated_at,
        r1_0.video_url 
    from
        room r1_0 
    where
        r1_0.room_code=?
Hibernate: 
    select
        r1_0.id,
        r1_0.active,
        r1_0.created_at,
        r1_0."current_time",
        r1_0.current_video_id,
        r1_0.host,
        r1_0.invite_token,
        r1_0.last_playback_update,
        r1_0.locked,
        r1_0.platform,
        r1_0.playback_speed,
        r1_0.playing,
        r1_0.room_code,
        r1_0.room_name,
        r1_0.sequence_number,
        r1_0.updated_at,
        r1_0.video_url 
    from
        room r1_0 
    where
        r1_0.id=?
Hibernate: 
    update
        room 
    set
        active=?,
        created_at=?,
        "current_time"=?,
        current_video_id=?,
        host=?,
        invite_token=?,
        last_playback_update=?,
        locked=?,
        platform=?,
        playback_speed=?,
        playing=?,
        room_code=?,
        room_name=?,
        sequence_number=?,
        updated_at=?,
        video_url=? 
    where
        id=?
Hibernate: 
    select
        r1_0.id,
        r1_0.active,
        r1_0.created_at,
        r1_0."current_time",
        r1_0.current_video_id,
        r1_0.host,
        r1_0.invite_token,
        r1_0.last_playback_update,
        r1_0.locked,
        r1_0.platform,
        r1_0.playback_speed,
        r1_0.playing,
        r1_0.room_code,
        r1_0.room_name,
        r1_0.sequence_number,
        r1_0.updated_at,
        r1_0.video_url 
    from
        room r1_0 
    where
        r1_0.room_code=?
Hibernate: 
    select
        r1_0.id,
        r1_0.active,
        r1_0.created_at,
        r1_0."current_time",
        r1_0.current_video_id,
        r1_0.host,
        r1_0.invite_token,
        r1_0.last_playback_update,
        r1_0.locked,
        r1_0.platform,
        r1_0.playback_speed,
        r1_0.playing,
        r1_0.room_code,
        r1_0.room_name,
        r1_0.sequence_number,
        r1_0.updated_at,
        r1_0.video_url 
    from
        room r1_0 
    where
        r1_0.room_code=?
Hibernate: 
    select
        r1_0.id,
        r1_0.active,
        r1_0.created_at,
        r1_0."current_time",
        r1_0.current_video_id,
        r1_0.host,
        r1_0.invite_token,
        r1_0.last_playback_update,
        r1_0.locked,
        r1_0.platform,
        r1_0.playback_speed,
        r1_0.playing,
        r1_0.room_code,
        r1_0.room_name,
        r1_0.sequence_number,
        r1_0.updated_at,
        r1_0.video_url 
    from
        room r1_0 
    where
        r1_0.id=?
Hibernate: 
    update
        room 
    set
        active=?,
        created_at=?,
        "current_time"=?,
        current_video_id=?,
        host=?,
        invite_token=?,
        last_playback_update=?,
        locked=?,
        platform=?,
        playback_speed=?,
        playing=?,
        room_code=?,
        room_name=?,
        sequence_number=?,
        updated_at=?,
        video_url=? 
    where
        id=?
Hibernate: 
    select
        r1_0.id,
        r1_0.active,
        r1_0.created_at,
        r1_0."current_time",
        r1_0.current_video_id,
        r1_0.host,
        r1_0.invite_token,
        r1_0.last_playback_update,
        r1_0.locked,
        r1_0.platform,
        r1_0.playback_speed,
        r1_0.playing,
        r1_0.room_code,
        r1_0.room_name,
        r1_0.sequence_number,
        r1_0.updated_at,
        r1_0.video_url 
    from
        room r1_0 
    where
        r1_0.room_code=?
Hibernate: 
    select
        r1_0.id,
        r1_0.active,
        r1_0.created_at,
        r1_0."current_time",
        r1_0.current_video_id,
        r1_0.host,
        r1_0.invite_token,
        r1_0.last_playback_update,
        r1_0.locked,
        r1_0.platform,
        r1_0.playback_speed,
        r1_0.playing,
        r1_0.room_code,
        r1_0.room_name,
        r1_0.sequence_number,
        r1_0.updated_at,
        r1_0.video_url 
    from
        room r1_0 
    where
        r1_0.room_code=?
Hibernate: 
    select
        r1_0.id,
        r1_0.active,
        r1_0.created_at,
        r1_0."current_time",
        r1_0.current_video_id,
        r1_0.host,
        r1_0.invite_token,
        r1_0.last_playback_update,
        r1_0.locked,
        r1_0.platform,
        r1_0.playback_speed,
        r1_0.playing,
        r1_0.room_code,
        r1_0.room_name,
        r1_0.sequence_number,
        r1_0.updated_at,
        r1_0.video_url 
    from
        room r1_0 
    where
        r1_0.id=?
Hibernate: 
    update
        room 
    set
        active=?,
        created_at=?,
        "current_time"=?,
        current_video_id=?,
        host=?,
        invite_token=?,
        last_playback_update=?,
        locked=?,
        platform=?,
        playback_speed=?,
        playing=?,
        room_code=?,
        room_name=?,
        sequence_number=?,
        updated_at=?,
        video_url=? 
    where
        id=?
Hibernate: 
    select
        r1_0.id,
        r1_0.active,
        r1_0.created_at,
        r1_0."current_time",
        r1_0.current_video_id,
        r1_0.host,
        r1_0.invite_token,
        r1_0.last_playback_update,
        r1_0.locked,
        r1_0.platform,
        r1_0.playback_speed,
        r1_0.playing,
        r1_0.room_code,
        r1_0.room_name,
        r1_0.sequence_number,
        r1_0.updated_at,
        r1_0.video_url 
    from
        room r1_0 
    where
        r1_0.room_code=?
Hibernate: 
    select
        r1_0.id,
        r1_0.active,
        r1_0.created_at,
        r1_0."current_time",
        r1_0.current_video_id,
        r1_0.host,
        r1_0.invite_token,
        r1_0.last_playback_update,
        r1_0.locked,
        r1_0.platform,
        r1_0.playback_speed,
        r1_0.playing,
        r1_0.room_code,
        r1_0.room_name,
        r1_0.sequence_number,
        r1_0.updated_at,
        r1_0.video_url 
    from
        room r1_0 
    where
        r1_0.room_code=?
Hibernate: 
    select
        r1_0.id,
        r1_0.active,
        r1_0.created_at,
        r1_0."current_time",
        r1_0.current_video_id,
        r1_0.host,
        r1_0.invite_token,
        r1_0.last_playback_update,
        r1_0.locked,
        r1_0.platform,
        r1_0.playback_speed,
        r1_0.playing,
        r1_0.room_code,
        r1_0.room_name,
        r1_0.sequence_number,
        r1_0.updated_at,
        r1_0.video_url 
    from
        room r1_0 
    where
        r1_0.room_code=?
Hibernate: 
    select
        rm1_0.id,
        rm1_0.joined_at,
        rm1_0.online,
        rm1_0.room_id,
        rm1_0.room_role,
        rm1_0.username 
    from
        room_member rm1_0 
    where
        rm1_0.username=? 
        and rm1_0.room_id=?
Hibernate: 
    select
        rm1_0.id,
        rm1_0.joined_at,
        rm1_0.online,
        rm1_0.room_id,
        rm1_0.room_role,
        rm1_0.username 
    from
        room_member rm1_0 
    where
        rm1_0.username=? 
        and rm1_0.room_id=?
Hibernate: 
    select
        r1_0.id,
        r1_0.active,
        r1_0.created_at,
        r1_0."current_time",
        r1_0.current_video_id,
        r1_0.host,
        r1_0.invite_token,
        r1_0.last_playback_update,
        r1_0.locked,
        r1_0.platform,
        r1_0.playback_speed,
        r1_0.playing,
        r1_0.room_code,
        r1_0.room_name,
        r1_0.sequence_number,
        r1_0.updated_at,
        r1_0.video_url 
    from
        room r1_0 
    where
        r1_0.id=?
Hibernate: 
    select
        r1_0.id,
        r1_0.active,
        r1_0.created_at,
        r1_0."current_time",
        r1_0.current_video_id,
        r1_0.host,
        r1_0.invite_token,
        r1_0.last_playback_update,
        r1_0.locked,
        r1_0.platform,
        r1_0.playback_speed,
        r1_0.playing,
        r1_0.room_code,
        r1_0.room_name,
        r1_0.sequence_number,
        r1_0.updated_at,
        r1_0.video_url 
    from
        room r1_0 
    where
        r1_0.id=?
Hibernate: 
    select
        rm1_0.id,
        rm1_0.joined_at,
        rm1_0.online,
        r1_0.id,
        r1_0.active,
        r1_0.created_at,
        r1_0."current_time",
        r1_0.current_video_id,
        r1_0.host,
        r1_0.invite_token,
        r1_0.last_playback_update,
        r1_0.locked,
        r1_0.platform,
        r1_0.playback_speed,
        r1_0.playing,
        r1_0.room_code,
        r1_0.room_name,
        r1_0.sequence_number,
        r1_0.updated_at,
        r1_0.video_url,
        rm1_0.room_role,
        rm1_0.username 
    from
        room_member rm1_0 
    left join
        room r1_0 
            on r1_0.id=rm1_0.room_id 
    where
        rm1_0.id=?
Hibernate: 
    select
        rm1_0.id,
        rm1_0.joined_at,
        rm1_0.online,
        r1_0.id,
        r1_0.active,
        r1_0.created_at,
        r1_0."current_time",
        r1_0.current_video_id,
        r1_0.host,
        r1_0.invite_token,
        r1_0.last_playback_update,
        r1_0.locked,
        r1_0.platform,
        r1_0.playback_speed,
        r1_0.playing,
        r1_0.room_code,
        r1_0.room_name,
        r1_0.sequence_number,
        r1_0.updated_at,
        r1_0.video_url,
        rm1_0.room_role,
        rm1_0.username 
    from
        room_member rm1_0 
    left join
        room r1_0 
            on r1_0.id=rm1_0.room_id 
    where
        rm1_0.id=?
Hibernate: 
    update
        room_member 
    set
        joined_at=?,
        online=?,
        room_id=?,
        room_role=?,
        username=? 
    where
        id=?
Hibernate: 
    update
        room_member 
    set
        joined_at=?,
        online=?,
        room_id=?,
        room_role=?,
        username=? 
    where
        id=?
2026-09-20T01:57:03.912+05:30  INFO 12092 --- [watchParty] [nio-8080-exec-4] c.e.w.w.Service.PresenceService          : User viewer_mu8u8y3k00q1@test.local disconnected from room V2Y8M3
2026-09-20T01:57:03.913+05:30  INFO 12092 --- [watchParty] [nio-8080-exec-4] c.e.w.w.Config.WebSocketEventListener    : WebSocket disconnected: user=viewer_mu8u8y3k00q1@test.local, room=V2Y8M3
2026-09-20T01:57:03.913+05:30  INFO 12092 --- [watchParty] [nio-8080-exec-1] c.e.w.w.Service.PresenceService          : User host_mu8u8xzqzgfm@test.local disconnected from room V2Y8M3
2026-09-20T01:57:03.913+05:30  INFO 12092 --- [watchParty] [nio-8080-exec-1] c.e.w.w.Config.WebSocketEventListener    : WebSocket disconnected: user=host_mu8u8xzqzgfm@test.local, room=V2Y8M3
[INFO] ------------------------------------------------------------------------
[INFO] BUILD FAILURE
[INFO] ------------------------------------------------------------------------
[INFO] Total time:  30.228 s
[INFO] Finished at: 2026-09-20T01:57:10+05:30
[INFO] ------------------------------------------------------------------------
[ERROR] Failed to execute goal org.springframework.boot:spring-boot-maven-plugin:4.1.0:run (default-cli) on project watchParty: Process terminated with exit code: -1 -> [Help 1]
[ERROR] 
[ERROR] To see the full stack trace of the errors, re-run Maven with the -e switch.
[ERROR] Re-run Maven using the -X switch to enable full debug logging.
[ERROR] 
[ERROR] For more information about the errors and possible solutions, please read the following articles:
[ERROR] [Help 1] http://cwiki.apache.org/confluence/display/MAVEN/MojoExecutionException
